      Step     Time          Energy          fmax
FIRE:    0 02:22:02     -227.372839        0.504412
FIRE:    1 02:22:03     -227.373171        0.467999
FIRE:    2 02:22:03     -227.373732        0.400169
FIRE:    3 02:22:03     -227.374363        0.311146
FIRE:    4 02:22:03     -227.374908        0.218429
FIRE:    5 02:22:03     -227.375289        0.154061
FIRE:    6 02:22:03     -227.375549        0.216618
FIRE:    7 02:22:04     -227.375814        0.276955
FIRE:    8 02:22:04     -227.376252        0.304529
FIRE:    9 02:22:04     -227.376971        0.289968
FIRE:   10 02:22:04     -227.377973        0.227559
FIRE:   11 02:22:04     -227.379109        0.142413
FIRE:   12 02:22:04     -227.380206        0.209650
FIRE:   13 02:22:04     -227.381396        0.272331
FIRE:   14 02:22:05     -227.383052        0.255759
FIRE:   15 02:22:05     -227.385138        0.158867
FIRE:   16 02:22:05     -227.387237        0.184824
FIRE:   17 02:22:05     -227.389760        0.213835
FIRE:   18 02:22:05     -227.393061        0.133172
FIRE:   19 02:22:05     -227.396676        0.218638
FIRE:   20 02:22:05     -227.401579        0.166168
FIRE:   21 02:22:06     -227.407597        0.224793
FIRE:   22 02:22:06     -227.416547        0.232221
FIRE:   23 02:22:06     -227.429319        0.276135
FIRE:   24 02:22:06     -227.448608        0.332284
FIRE:   25 02:22:06     -227.478931        0.368756
FIRE:   26 02:22:06     -227.512291        0.437135
FIRE:   27 02:22:06     -227.546974        0.360189
FIRE:   28 02:22:07     -227.578801        0.347659
FIRE:   29 02:22:07     -227.606455        0.294549
FIRE:   30 02:22:07     -227.627857        0.210979
FIRE:   31 02:22:07     -227.642529        0.203412
FIRE:   32 02:22:07     -227.650736        0.161147
FIRE:   33 02:22:07     -227.650377        0.537703
FIRE:   34 02:22:07     -227.639420        1.344274
FIRE:   35 02:22:08     -227.654181        0.159195
FIRE:   36 02:22:08     -227.644744        1.028824
FIRE:   37 02:22:08     -227.648473        0.846150
FIRE:   38 02:22:08     -227.653245        0.498782
FIRE:   39 02:22:08     -227.655440        0.147242
FIRE:   40 02:22:08     -227.655458        0.147095
FIRE:   41 02:22:09     -227.655494        0.146813
FIRE:   42 02:22:09     -227.655546        0.146419
FIRE:   43 02:22:09     -227.655616        0.145941
FIRE:   44 02:22:09     -227.655702        0.145412
FIRE:   45 02:22:09     -227.655805        0.144861
FIRE:   46 02:22:09     -227.655924        0.144313
FIRE:   47 02:22:09     -227.656075        0.143725
FIRE:   48 02:22:10     -227.656266        0.143102
FIRE:   49 02:22:10     -227.656504        0.142441
FIRE:   50 02:22:10     -227.656801        0.141738
FIRE:   51 02:22:10     -227.657170        0.140993
FIRE:   52 02:22:10     -227.657623        0.140196
FIRE:   53 02:22:10     -227.658179        0.139278
FIRE:   54 02:22:10     -227.658858        0.138033
FIRE:   55 02:22:11     -227.659684        0.136138
FIRE:   56 02:22:11     -227.660683        0.133396
FIRE:   57 02:22:11     -227.661886        0.129981
FIRE:   58 02:22:11     -227.663326        0.126296
FIRE:   59 02:22:11     -227.665044        0.122657
FIRE:   60 02:22:11     -227.667079        0.118827
FIRE:   61 02:22:11     -227.669476        0.113236
FIRE:   62 02:22:12     -227.672281        0.105768
FIRE:   63 02:22:12     -227.675539        0.099264
FIRE:   64 02:22:12     -227.679285        0.092573
FIRE:   65 02:22:12     -227.683526        0.097087
FIRE:   66 02:22:12     -227.688205        0.092800
FIRE:   67 02:22:12     -227.693074        0.108276
FIRE:   68 02:22:13     -227.696898        0.289567
FIRE:   69 02:22:13     -227.693777        0.779865
FIRE:   70 02:22:13     -227.701467        0.073338
FIRE:   71 02:22:13     -227.694822        0.827094
FIRE:   72 02:22:13     -227.698108        0.598833
FIRE:   73 02:22:13     -227.701296        0.224210
FIRE:   74 02:22:14     -227.701333        0.219343
FIRE:   75 02:22:14     -227.701396        0.207148
FIRE:   76 02:22:14     -227.701508        0.183444
FIRE:   77 02:22:14     -227.701643        0.149595
FIRE:   78 02:22:14     -227.701771        0.107644
FIRE:   79 02:22:14     -227.701865        0.074785
FIRE:   80 02:22:15     -227.701911        0.070745
FIRE:   81 02:22:15     -227.701917        0.076257
FIRE:   82 02:22:15     -227.701919        0.075416
FIRE:   83 02:22:16     -227.701923        0.073750
FIRE:   84 02:22:16     -227.701929        0.072320
FIRE:   85 02:22:17     -227.701937        0.071946
FIRE:   86 02:22:17     -227.701947        0.071539
FIRE:   87 02:22:17     -227.701957        0.071136
FIRE:   88 02:22:18     -227.701969        0.070772
FIRE:   89 02:22:18     -227.701983        0.070454
FIRE:   90 02:22:19     -227.701999        0.070244
FIRE:   91 02:22:19     -227.702017        0.070211
FIRE:   92 02:22:19     -227.702038        0.070405
FIRE:   93 02:22:20     -227.702061        0.070822
FIRE:   94 02:22:20     -227.702090        0.071364
FIRE:   95 02:22:20     -227.702124        0.071829
FIRE:   96 02:22:20     -227.702168        0.071954
FIRE:   97 02:22:21     -227.702223        0.071506
FIRE:   98 02:22:21     -227.702293        0.070433
FIRE:   99 02:22:21     -227.702377        0.068989
FIRE:  100 02:22:22     -227.702476        0.067682
FIRE:  101 02:22:22     -227.702593        0.066828
FIRE:  102 02:22:22     -227.702735        0.066108
FIRE:  103 02:22:22     -227.702909        0.065065
FIRE:  104 02:22:23     -227.703118        0.064114
FIRE:  105 02:22:23     -227.703364        0.063673
FIRE:  106 02:22:23     -227.703658        0.062178
FIRE:  107 02:22:24     -227.704011        0.059201
FIRE:  108 02:22:24     -227.704424        0.057112
FIRE:  109 02:22:24     -227.704916        0.054528
FIRE:  110 02:22:25     -227.705491        0.052586
FIRE:  111 02:22:25     -227.706168        0.048846
FIRE:  112 02:22:25     -227.706957        0.046767
FIRE:  113 02:22:25     -227.707881        0.043472
FIRE:  114 02:22:26     -227.708958        0.043148
FIRE:  115 02:22:26     -227.710203        0.052400
FIRE:  116 02:22:26     -227.711547        0.103628
FIRE:  117 02:22:27     -227.712275        0.246814
FIRE:  118 02:22:27     -227.713343        0.036609
FIRE:  119 02:22:27     -227.712592        0.232706
FIRE:  120 02:22:28     -227.712990        0.176477
FIRE:  121 02:22:28     -227.713406        0.086213
FIRE:  122 02:22:28     -227.713465        0.069200
FIRE:  123 02:22:29     -227.713473        0.066376
FIRE:  124 02:22:29     -227.713488        0.061043
FIRE:  125 02:22:29     -227.713506        0.053878
FIRE:  126 02:22:30     -227.713527        0.046026
FIRE:  127 02:22:30     -227.713546        0.039209
FIRE:  128 02:22:30     -227.713563        0.035388
FIRE:  129 02:22:31     -227.713580        0.039258
FIRE:  130 02:22:31     -227.713599        0.045948
FIRE:  131 02:22:31     -227.713624        0.050276
FIRE:  132 02:22:32     -227.713660        0.050897
FIRE:  133 02:22:32     -227.713708        0.046943
FIRE:  134 02:22:32     -227.713768        0.038636
FIRE:  135 02:22:33     -227.713837        0.036020
FIRE:  136 02:22:33     -227.713915        0.041860
FIRE:  137 02:22:33     -227.714014        0.044157
FIRE:  138 02:22:34     -227.714142        0.038740
FIRE:  139 02:22:34     -227.714295        0.037185
FIRE:  140 02:22:35     -227.714474        0.043672
FIRE:  141 02:22:35     -227.714700        0.040686
FIRE:  142 02:22:35     -227.714973        0.036772
FIRE:  143 02:22:36     -227.715300        0.038443
FIRE:  144 02:22:36     -227.715703        0.040409
FIRE:  145 02:22:36     -227.716185        0.042863
FIRE:  146 02:22:37     -227.716767        0.041247
FIRE:  147 02:22:37     -227.717473        0.043214
FIRE:  148 02:22:37     -227.718323        0.040232
FIRE:  149 02:22:38     -227.719347        0.042242
FIRE:  150 02:22:38     -227.720541        0.088612
FIRE:  151 02:22:38     -227.721459        0.245088
FIRE:  152 02:22:39     -227.722062        0.040860
FIRE:  153 02:22:39     -227.721675        0.236140
FIRE:  154 02:22:39     -227.721903        0.179008
FIRE:  155 02:22:40     -227.722142        0.081774
FIRE:  156 02:22:40     -227.722180        0.073117
FIRE:  157 02:22:40     -227.722186        0.069882
FIRE:  158 02:22:40     -227.722197        0.063630
FIRE:  159 02:22:40     -227.722211        0.054810
FIRE:  160 02:22:40     -227.722226        0.044120
FIRE:  161 02:22:41     -227.722242        0.041283
FIRE:  162 02:22:41     -227.722257        0.040778
FIRE:  163 02:22:41     -227.722272        0.040670
FIRE:  164 02:22:41     -227.722290        0.045953
FIRE:  165 02:22:41     -227.722314        0.050844
FIRE:  166 02:22:41     -227.722347        0.050942
FIRE:  167 02:22:41     -227.722390        0.045281
FIRE:  168 02:22:42     -227.722444        0.040525
FIRE:  169 02:22:42     -227.722506        0.040952
FIRE:  170 02:22:42     -227.722579        0.041701
FIRE:  171 02:22:42     -227.722671        0.043595
FIRE:  172 02:22:42     -227.722788        0.040834
FIRE:  173 02:22:42     -227.722929        0.040043
FIRE:  174 02:22:42     -227.723097        0.043445
FIRE:  175 02:22:43     -227.723309        0.039737
FIRE:  176 02:22:43     -227.723563        0.040475
FIRE:  177 02:22:43     -227.723874        0.040144
FIRE:  178 02:22:43     -227.724253        0.038975
FIRE:  179 02:22:43     -227.724714        0.038723
FIRE:  180 02:22:43     -227.725271        0.042830
FIRE:  181 02:22:43     -227.725948        0.043126
FIRE:  182 02:22:44     -227.726766        0.040075
FIRE:  183 02:22:44     -227.727742        0.057005
FIRE:  184 02:22:44     -227.728794        0.117022
FIRE:  185 02:22:44     -227.729004        0.320673
FIRE:  186 02:22:44     -227.730317        0.051514
FIRE:  187 02:22:44     -227.730332        0.043526
FIRE:  188 02:22:44     -227.730355        0.037375
FIRE:  189 02:22:45     -227.730382        0.036469
FIRE:  190 02:22:45     -227.730414        0.043722
FIRE:  191 02:22:45     -227.730458        0.046749
FIRE:  192 02:22:45     -227.730513        0.041722
FIRE:  193 02:22:45     -227.730577        0.036520
FIRE:  194 02:22:45     -227.730655        0.037695
FIRE:  195 02:22:46     -227.730751        0.038850
FIRE:  196 02:22:46     -227.730876        0.037733
FIRE:  197 02:22:46     -227.731031        0.036453
FIRE:  198 02:22:46     -227.731220        0.041295
FIRE:  199 02:22:46     -227.731460        0.036529
FIRE:  200 02:22:46     -227.731751        0.038355
FIRE:  201 02:22:46     -227.732115        0.036581
FIRE:  202 02:22:47     -227.732559        0.042085
FIRE:  203 02:22:47     -227.733105        0.038490
FIRE:  204 02:22:47     -227.733774        0.036508
FIRE:  205 02:22:47     -227.734591        0.039591
FIRE:  206 02:22:47     -227.735572        0.049826
FIRE:  207 02:22:47     -227.736533        0.146778
FIRE:  208 02:22:47     -227.735305        0.458536
FIRE:  209 02:22:48     -227.738127        0.080117
FIRE:  210 02:22:48     -227.738175        0.062092
FIRE:  211 02:22:48     -227.738229        0.038850
FIRE:  212 02:22:48     -227.738254        0.044719
FIRE:  213 02:22:48     -227.738269        0.063082
FIRE:  214 02:22:49     -227.738314        0.066192
FIRE:  215 02:22:49     -227.738392        0.054091
FIRE:  216 02:22:49     -227.738475        0.035402
FIRE:  217 02:22:50     -227.738548        0.046187
FIRE:  218 02:22:50     -227.738638        0.055488
FIRE:  219 02:22:50     -227.738782        0.043605
FIRE:  220 02:22:51     -227.738946        0.038787
FIRE:  221 02:22:51     -227.739128        0.054999
FIRE:  222 02:22:51     -227.739389        0.035252
FIRE:  223 02:22:52     -227.739673        0.050963
FIRE:  224 02:22:52     -227.740059        0.035468
FIRE:  225 02:22:52     -227.740492        0.059418
FIRE:  226 02:22:52     -227.741055        0.047488
FIRE:  227 02:22:53     -227.741740        0.036264
FIRE:  228 02:22:53     -227.742573        0.041633
FIRE:  229 02:22:53     -227.743570        0.077054
FIRE:  230 02:22:53     -227.744360        0.231543
FIRE:  231 02:22:54     -227.740275        0.702782
FIRE:  232 02:22:54     -227.746019        0.181685
FIRE:  233 02:22:55     -227.746194        0.130286
FIRE:  234 02:22:55     -227.746347        0.048132
FIRE:  235 02:22:55     -227.746335        0.087077
FIRE:  236 02:22:55     -227.746347        0.081954
FIRE:  237 02:22:56     -227.746366        0.072123
FIRE:  238 02:22:56     -227.746390        0.058417
FIRE:  239 02:22:57     -227.746413        0.042130
FIRE:  240 02:22:57     -227.746432        0.033369
FIRE:  241 02:22:57     -227.746448        0.042725
FIRE:  242 02:22:58     -227.746462        0.053960
FIRE:  243 02:22:58     -227.746482        0.061569
FIRE:  244 02:22:59     -227.746513        0.063214
FIRE:  245 02:22:59     -227.746558        0.057410
FIRE:  246 02:22:59     -227.746614        0.044440
FIRE:  247 02:23:00     -227.746677        0.033316
FIRE:  248 02:23:00     -227.746745        0.044301
FIRE:  249 02:23:01     -227.746832        0.051109
FIRE:  250 02:23:01     -227.746950        0.041514
FIRE:  251 02:23:01     -227.747090        0.035417
FIRE:  252 02:23:02     -227.747252        0.051941
FIRE:  253 02:23:02     -227.747460        0.045996
FIRE:  254 02:23:02     -227.747713        0.035438
FIRE:  255 02:23:03     -227.748017        0.044882
FIRE:  256 02:23:03     -227.748396        0.039977
FIRE:  257 02:23:03     -227.748853        0.046875
FIRE:  258 02:23:03     -227.749409        0.048332
FIRE:  259 02:23:03     -227.750094        0.043999
FIRE:  260 02:23:04     -227.750928        0.033357
FIRE:  261 02:23:04     -227.751947        0.036762
FIRE:  262 02:23:04     -227.753164        0.068211
FIRE:  263 02:23:05     -227.754122        0.248104
FIRE:  264 02:23:05     -227.748290        0.859487
FIRE:  265 02:23:05     -227.756007        0.221971
FIRE:  266 02:23:05     -227.756280        0.146593
FIRE:  267 02:23:06     -227.756497        0.036982
FIRE:  268 02:23:06     -227.756443        0.106164
FIRE:  269 02:23:06     -227.756462        0.098224
FIRE:  270 02:23:07     -227.756496        0.083195
FIRE:  271 02:23:07     -227.756534        0.063017
FIRE:  272 02:23:08     -227.756568        0.041945
FIRE:  273 02:23:08     -227.756592        0.033870
FIRE:  274 02:23:08     -227.756606        0.041138
FIRE:  275 02:23:09     -227.756618        0.055228
FIRE:  276 02:23:09     -227.756637        0.064876
FIRE:  277 02:23:09     -227.756672        0.065705
FIRE:  278 02:23:09     -227.756727        0.055906
FIRE:  279 02:23:10     -227.756796        0.038597
FIRE:  280 02:23:10     -227.756866        0.033551
FIRE:  281 02:23:10     -227.756936        0.048346
FIRE:  282 02:23:11     -227.757030        0.054900
FIRE:  283 02:23:11     -227.757165        0.041527
FIRE:  284 02:23:11     -227.757320        0.034704
FIRE:  285 02:23:11     -227.757491        0.050106
FIRE:  286 02:23:12     -227.757723        0.040095
FIRE:  287 02:23:12     -227.757997        0.038857
FIRE:  288 02:23:13     -227.758326        0.045356
FIRE:  289 02:23:13     -227.758739        0.037197
FIRE:  290 02:23:13     -227.759236        0.039385
FIRE:  291 02:23:13     -227.759833        0.052337
FIRE:  292 02:23:14     -227.760578        0.042247
FIRE:  293 02:23:14     -227.761480        0.036968
FIRE:  294 02:23:14     -227.762575        0.044709
FIRE:  295 02:23:15     -227.763816        0.108262
FIRE:  296 02:23:15     -227.764149        0.375313
FIRE:  297 02:23:15     -227.765504        0.076636
FIRE:  298 02:23:16     -227.765539        0.059177
FIRE:  299 02:23:16     -227.765584        0.037645
FIRE:  300 02:23:17     -227.765617        0.039902
FIRE:  301 02:23:17     -227.765647        0.057422
FIRE:  302 02:23:17     -227.765699        0.061429
FIRE:  303 02:23:18     -227.765778        0.049287
FIRE:  304 02:23:18     -227.765865        0.034926
FIRE:  305 02:23:18     -227.765956        0.041400
FIRE:  306 02:23:19     -227.766067        0.051489
FIRE:  307 02:23:19     -227.766228        0.040693
FIRE:  308 02:23:20     -227.766418        0.037128
FIRE:  309 02:23:20     -227.766642        0.049761
FIRE:  310 02:23:20     -227.766941        0.035203
FIRE:  311 02:23:20     -227.767288        0.047394
FIRE:  312 02:23:21     -227.767738        0.036349
FIRE:  313 02:23:21     -227.768268        0.051231
FIRE:  314 02:23:21     -227.768933        0.047364
FIRE:  315 02:23:22     -227.769749        0.039912
FIRE:  316 02:23:22     -227.770743        0.039341
FIRE:  317 02:23:22     -227.771941        0.063474
FIRE:  318 02:23:23     -227.773051        0.195494
FIRE:  319 02:23:23     -227.770369        0.716790
FIRE:  320 02:23:23     -227.774668        0.227582
FIRE:  321 02:23:23     -227.774945        0.160821
FIRE:  322 02:23:24     -227.775201        0.050675
FIRE:  323 02:23:24     -227.775182        0.097358
FIRE:  324 02:23:24     -227.775197        0.090772
FIRE:  325 02:23:25     -227.775223        0.078402
FIRE:  326 02:23:25     -227.775254        0.062037
FIRE:  327 02:23:25     -227.775284        0.045182
FIRE:  328 02:23:26     -227.775307        0.035772
FIRE:  329 02:23:26     -227.775325        0.038552
FIRE:  330 02:23:26     -227.775340        0.047535
FIRE:  331 02:23:27     -227.775361        0.056157
FIRE:  332 02:23:27     -227.775395        0.058680
FIRE:  333 02:23:27     -227.775446        0.052542
FIRE:  334 02:23:27     -227.775512        0.040661
FIRE:  335 02:23:28     -227.775585        0.035866
FIRE:  336 02:23:28     -227.775661        0.045151
FIRE:  337 02:23:28     -227.775757        0.053410
FIRE:  338 02:23:29     -227.775888        0.045929
FIRE:  339 02:23:29     -227.776048        0.036537
FIRE:  340 02:23:29     -227.776226        0.044168
FIRE:  341 02:23:30     -227.776456        0.042153
FIRE:  342 02:23:30     -227.776740        0.036317
FIRE:  343 02:23:30     -227.777071        0.047885
FIRE:  344 02:23:30     -227.777492        0.036857
FIRE:  345 02:23:31     -227.777987        0.043150
FIRE:  346 02:23:31     -227.778598        0.043365
FIRE:  347 02:23:32     -227.779340        0.036568
FIRE:  348 02:23:32     -227.780233        0.037173
FIRE:  349 02:23:32     -227.781286        0.068987
FIRE:  350 02:23:32     -227.782326        0.167388
FIRE:  351 02:23:33     -227.782126        0.457202
FIRE:  352 02:23:33     -227.784056        0.061057
FIRE:  353 02:23:33     -227.784077        0.048958
FIRE:  354 02:23:33     -227.784109        0.035857
FIRE:  355 02:23:34     -227.784139        0.036269
FIRE:  356 02:23:34     -227.784170        0.047834
FIRE:  357 02:23:34     -227.784214        0.052281
FIRE:  358 02:23:35     -227.784276        0.045829
FIRE:  359 02:23:35     -227.784348        0.035054
FIRE:  360 02:23:36     -227.784429        0.036077
FIRE:  361 02:23:36     -227.784528        0.041650
FIRE:  362 02:23:36     -227.784661        0.037357
FIRE:  363 02:23:37     -227.784826        0.034104
FIRE:  364 02:23:37     -227.785021        0.043814
FIRE:  365 02:23:37     -227.785273        0.035254
FIRE:  366 02:23:38     -227.785574        0.037532
FIRE:  367 02:23:38     -227.785951        0.034887
FIRE:  368 02:23:38     -227.786402        0.045313
FIRE:  369 02:23:38     -227.786961        0.036090
FIRE:  370 02:23:39     -227.787639        0.033167
FIRE:  371 02:23:39     -227.788458        0.038319
FIRE:  372 02:23:39     -227.789411        0.074016
FIRE:  373 02:23:40     -227.790207        0.212196
FIRE:  374 02:23:40     -227.788145        0.602896
FIRE:  375 02:23:40     -227.791917        0.070770
FIRE:  376 02:23:41     -227.791944        0.055151
FIRE:  377 02:23:41     -227.791977        0.033963
FIRE:  378 02:23:41     -227.792003        0.034214
FIRE:  379 02:23:41     -227.792028        0.049428
FIRE:  380 02:23:42     -227.792070        0.052486
FIRE:  381 02:23:42     -227.792132        0.040600
FIRE:  382 02:23:42     -227.792200        0.033116
FIRE:  383 02:23:43     -227.792271        0.040006
FIRE:  384 02:23:43     -227.792361        0.048580
FIRE:  385 02:23:43     -227.792487        0.037231
FIRE:  386 02:23:44     -227.792636        0.034149
FIRE:  387 02:23:44     -227.792812        0.041655
FIRE:  388 02:23:44     -227.793046        0.032551
FIRE:  389 02:23:44     -227.793316        0.044755
FIRE:  390 02:23:45     -227.793663        0.033717
FIRE:  391 02:23:45     -227.794073        0.040306
FIRE:  392 02:23:45     -227.794576        0.047087
FIRE:  393 02:23:46     -227.795186        0.040260
FIRE:  394 02:23:46     -227.795912        0.051581
FIRE:  395 02:23:46     -227.796698        0.106009
FIRE:  396 02:23:47     -227.796988        0.292957
FIRE:  397 02:23:47     -227.797835        0.035042
FIRE:  398 02:23:47     -227.797844        0.034288
FIRE:  399 02:23:48     -227.797861        0.033042
FIRE:  400 02:23:48     -227.797882        0.031746
