      Step     Time          Energy          fmax
FIRE:    0 22:57:43     -175.917518        0.610324
FIRE:    1 22:57:43     -175.919784        0.593283
FIRE:    2 22:57:43     -175.924176        0.561059
FIRE:    3 22:57:43     -175.930426        0.519843
FIRE:    4 22:57:43     -175.938176        0.493719
FIRE:    5 22:57:44     -175.947024        0.461405
FIRE:    6 22:57:44     -175.956571        0.423213
FIRE:    7 22:57:44     -175.966461        0.382057
FIRE:    8 22:57:44     -175.977443        0.385834
FIRE:    9 22:57:45     -175.989249        0.393610
FIRE:   10 22:57:45     -176.001483        0.377030
FIRE:   11 22:57:45     -176.013736        0.376746
FIRE:   12 22:57:45     -176.026106        0.397824
FIRE:   13 22:57:45     -176.040129        0.437182
FIRE:   14 22:57:46     -176.059447        0.530579
FIRE:   15 22:57:46     -176.089803        0.635496
FIRE:   16 22:57:46     -176.139123        0.759183
FIRE:   17 22:57:46     -176.219260        0.917639
FIRE:   18 22:57:47     -176.351429        1.129126
FIRE:   19 22:57:47     -176.538926        1.358872
FIRE:   20 22:57:47     -176.763816        1.583400
FIRE:   21 22:57:47     -177.022057        1.796650
FIRE:   22 22:57:47     -177.306497        1.956392
FIRE:   23 22:57:48     -177.609408        2.067190
FIRE:   24 22:57:48     -177.924472        2.140620
FIRE:   25 22:57:48     -178.247506        2.188952
FIRE:   26 22:57:48     -178.576183        2.220822
FIRE:   27 22:57:49     -178.909238        2.239284
FIRE:   28 22:57:49     -179.245543        2.240917
FIRE:   29 22:57:49     -179.583273        2.216566
FIRE:   30 22:57:49     -179.919534        2.157178
FIRE:   31 22:57:49     -180.250713        2.059548
FIRE:   32 22:57:50     -180.572880        1.919977
FIRE:   33 22:57:50     -180.881279        1.727007
FIRE:   34 22:57:51     -181.169539        1.670681
FIRE:   35 22:57:51     -181.430155        1.671522
FIRE:   36 22:57:52     -181.656760        1.639203
FIRE:   37 22:57:53     -181.847814        1.564074
FIRE:   38 22:57:54     -182.010208        1.438635
FIRE:   39 22:57:54     -182.157744        1.786618
FIRE:   40 22:57:55     -182.301438        1.930129
FIRE:   41 22:57:55     -182.438475        1.803408
FIRE:   42 22:57:56     -182.551355        1.481232
FIRE:   43 22:57:57     -182.619056        1.136459
FIRE:   44 22:57:57     -182.630231        0.979927
FIRE:   45 22:57:58     -182.730060        0.367516
FIRE:   46 22:57:58     -182.758228        0.443311
FIRE:   47 22:57:59     -182.810834        0.471895
FIRE:   48 22:57:59     -182.874532        0.629781
FIRE:   49 22:58:00     -182.974197        0.791070
FIRE:   50 22:58:01     -183.102145        0.947312
FIRE:   51 22:58:01     -183.256998        1.153303
FIRE:   52 22:58:02     -183.437206        1.378785
FIRE:   53 22:58:02     -183.634375        1.536788
FIRE:   54 22:58:03     -183.835269        1.587655
FIRE:   55 22:58:04     -184.024699        1.514410
FIRE:   56 22:58:05     -184.187662        1.323559
FIRE:   57 22:58:05     -184.310224        1.025368
FIRE:   58 22:58:06     -184.380176        0.608524
FIRE:   59 22:58:07     -184.391077        0.903473
FIRE:   60 22:58:07     -184.447805        0.315738
FIRE:   61 22:58:08     -184.465241        0.520866
FIRE:   62 22:58:09     -184.473528        0.445039
FIRE:   63 22:58:09     -184.486165        0.299914
FIRE:   64 22:58:10     -184.497799        0.290144
FIRE:   65 22:58:11     -184.505862        0.287176
FIRE:   66 22:58:12     -184.513150        0.326575
FIRE:   67 22:58:13     -184.524006        0.334100
FIRE:   68 22:58:14     -184.538809        0.286621
FIRE:   69 22:58:15     -184.555391        0.292973
FIRE:   70 22:58:16     -184.569861        0.305780
FIRE:   71 22:58:16     -184.585769        0.325505
FIRE:   72 22:58:18     -184.610072        0.348049
FIRE:   73 22:58:18     -184.638372        0.366209
FIRE:   74 22:58:19     -184.664795        0.377782
FIRE:   75 22:58:20     -184.693044        0.385039
FIRE:   76 22:58:21     -184.723890        0.390580
FIRE:   77 22:58:22     -184.754488        0.395171
FIRE:   78 22:58:22     -184.785201        0.396065
FIRE:   79 22:58:23     -184.817037        0.386392
FIRE:   80 22:58:24     -184.848537        0.366195
FIRE:   81 22:58:24     -184.877947        0.332356
FIRE:   82 22:58:25     -184.904515        0.287573
FIRE:   83 22:58:26     -184.927807        0.234307
FIRE:   84 22:58:27     -184.947229        0.186466
FIRE:   85 22:58:28     -184.963360        0.166618
FIRE:   86 22:58:29     -184.976114        0.374719
FIRE:   87 22:58:29     -184.985466        0.643793
FIRE:   88 22:58:30     -184.977532        1.458046
FIRE:   89 22:58:31     -184.721122        7.335138
FIRE:   90 22:58:32     -184.978151        1.476423
FIRE:   91 22:58:33     -184.998310        0.256696
FIRE:   92 22:58:34     -184.980974        1.618643
FIRE:   93 22:58:35     -184.990007        1.143242
FIRE:   94 22:58:36     -184.998223        0.407430
FIRE:   95 22:58:36     -184.997856        0.469529
FIRE:   96 22:58:37     -184.998037        0.445644
FIRE:   97 22:58:38     -184.998361        0.398993
FIRE:   98 22:58:39     -184.998755        0.331861
FIRE:   99 22:58:40     -184.999134        0.247806
FIRE:  100 22:58:40     -184.999417        0.152013
FIRE:  101 22:58:41     -184.999554        0.103449
FIRE:  102 22:58:42     -184.999558        0.177655
FIRE:  103 22:58:43     -184.999563        0.176194
FIRE:  104 22:58:44     -184.999573        0.173304
FIRE:  105 22:58:44     -184.999588        0.169053
FIRE:  106 22:58:45     -184.999606        0.163545
FIRE:  107 22:58:46     -184.999629        0.156924
FIRE:  108 22:58:47     -184.999654        0.149369
FIRE:  109 22:58:48     -184.999682        0.141105
FIRE:  110 22:58:49     -184.999714        0.131451
FIRE:  111 22:58:49     -184.999751        0.120600
FIRE:  112 22:58:50     -184.999794        0.109036
FIRE:  113 22:58:51     -184.999842        0.097622
FIRE:  114 22:58:52     -184.999896        0.087568
FIRE:  115 22:58:53     -184.999960        0.091467
FIRE:  116 22:58:53     -185.000038        0.103121
FIRE:  117 22:58:54     -185.000136        0.109821
FIRE:  118 22:58:55     -185.000260        0.109619
FIRE:  119 22:58:56     -185.000416        0.101140
FIRE:  120 22:58:57     -185.000606        0.084455
FIRE:  121 22:58:58     -185.000828        0.095191
FIRE:  122 22:58:59     -185.001088        0.110570
FIRE:  123 22:59:00     -185.001400        0.119685
FIRE:  124 22:59:00     -185.001783        0.114683
FIRE:  125 22:59:01     -185.002243        0.096190
FIRE:  126 22:59:02     -185.002778        0.085241
FIRE:  127 22:59:02     -185.003411        0.094696
FIRE:  128 22:59:02     -185.004172        0.082802
FIRE:  129 22:59:03     -185.005055        0.104919
FIRE:  130 22:59:03     -185.006095        0.098141
FIRE:  131 22:59:03     -185.007303        0.086521
FIRE:  132 22:59:03     -185.008710        0.076509
FIRE:  133 22:59:04     -185.010328        0.100321
FIRE:  134 22:59:04     -185.012180        0.093141
FIRE:  135 22:59:04     -185.014281        0.082334
FIRE:  136 22:59:05     -185.016590        0.103373
FIRE:  137 22:59:05     -185.018956        0.169702
FIRE:  138 22:59:05     -185.019667        0.493052
FIRE:  139 22:59:05     -185.021616        0.056847
FIRE:  140 22:59:06     -185.020111        0.469973
FIRE:  141 22:59:06     -185.020867        0.350722
FIRE:  142 22:59:06     -185.021638        0.151020
FIRE:  143 22:59:06     -185.021712        0.133797
FIRE:  144 22:59:06     -185.021726        0.127706
FIRE:  145 22:59:07     -185.021750        0.116010
FIRE:  146 22:59:07     -185.021780        0.099739
FIRE:  147 22:59:07     -185.021811        0.080641
FIRE:  148 22:59:07     -185.021838        0.061674
FIRE:  149 22:59:08     -185.021859        0.047831
FIRE:  150 22:59:08     -185.021874        0.059708
FIRE:  151 22:59:08     -185.021889        0.074367
FIRE:  152 22:59:08     -185.021912        0.083934
FIRE:  153 22:59:09     -185.021949        0.085199
FIRE:  154 22:59:09     -185.022002        0.076311
FIRE:  155 22:59:09     -185.022070        0.058157
FIRE:  156 22:59:09     -185.022142        0.051368
FIRE:  157 22:59:10     -185.022216        0.069639
FIRE:  158 22:59:10     -185.022309        0.078664
FIRE:  159 22:59:10     -185.022436        0.068007
FIRE:  160 22:59:10     -185.022587        0.045877
FIRE:  161 22:59:11     -185.022751        0.064511
FIRE:  162 22:59:11     -185.022959        0.060013
FIRE:  163 22:59:11     -185.023207        0.052556
FIRE:  164 22:59:11     -185.023484        0.068733
FIRE:  165 22:59:12     -185.023827        0.041135
FIRE:  166 22:59:12     -185.024205        0.057474
FIRE:  167 22:59:12     -185.024643        0.059996
FIRE:  168 22:59:12     -185.025137        0.036095
