      Step     Time          Energy          fmax
BFGS:    0 03:07:26   -20285.801579        0.339994
BFGS:    1 03:07:26   -20285.804499        0.326355
BFGS:    2 03:07:26   -20285.818679        0.422761
BFGS:    3 03:07:26   -20285.826852        0.438368
BFGS:    4 03:07:27   -20285.830859        0.279724
BFGS:    5 03:07:27   -20285.833246        0.178840
BFGS:    6 03:07:27   -20285.835540        0.232319
BFGS:    7 03:07:27   -20285.838865        0.280077
BFGS:    8 03:07:27   -20285.841117        0.201158
BFGS:    9 03:07:27   -20285.842220        0.117789
BFGS:   10 03:07:27   -20285.843318        0.127842
BFGS:   11 03:07:27   -20285.844959        0.229913
BFGS:   12 03:07:27   -20285.848839        0.448259
BFGS:   13 03:07:27   -20285.852586        0.567009
BFGS:   14 03:07:27   -20285.856639        0.642273
BFGS:   15 03:07:27   -20285.860963        0.696341
BFGS:   16 03:07:27   -20285.865502        0.739256
BFGS:   17 03:07:27   -20285.870228        0.776499
BFGS:   18 03:07:27   -20285.875112        0.812111
BFGS:   19 03:07:28   -20285.880097        0.850630
BFGS:   20 03:07:28   -20285.885385        0.889471
BFGS:   21 03:07:28   -20285.891137        0.926198
BFGS:   22 03:07:28   -20285.897498        0.959110
BFGS:   23 03:07:28   -20285.904622        0.987189
BFGS:   24 03:07:28   -20285.912657        1.010133
BFGS:   25 03:07:28   -20285.921759        1.028195
BFGS:   26 03:07:28   -20285.932116        1.041918
BFGS:   27 03:07:28   -20285.943972        1.051928
BFGS:   28 03:07:28   -20285.957626        1.059013
BFGS:   29 03:07:28   -20285.973444        1.064026
BFGS:   30 03:07:28   -20285.991874        1.067806
BFGS:   31 03:07:28   -20286.013442        1.071318
BFGS:   32 03:07:28   -20286.038795        1.075632
BFGS:   33 03:07:28   -20286.068745        1.081686
BFGS:   34 03:07:29   -20286.104259        1.090513
BFGS:   35 03:07:29   -20286.146494        1.102810
BFGS:   36 03:07:29   -20286.196801        1.223425
BFGS:   37 03:07:29   -20286.256652        1.381553
BFGS:   38 03:07:29   -20286.327520        1.555920
BFGS:   39 03:07:29   -20286.410689        1.741560
BFGS:   40 03:07:29   -20286.507359        1.943319
BFGS:   41 03:07:29   -20286.619293        2.172873
BFGS:   42 03:07:29   -20286.749060        2.439857
BFGS:   43 03:07:29   -20286.899638        2.751085
BFGS:   44 03:07:29   -20287.074298        3.104495
BFGS:   45 03:07:29   -20287.274878        3.459852
BFGS:   46 03:07:29   -20287.500979        3.806665
BFGS:   47 03:07:29   -20287.752120        4.146575
BFGS:   48 03:07:29   -20288.027404        4.444479
BFGS:   49 03:07:29   -20288.320484        4.574908
BFGS:   50 03:07:30   -20288.616371        4.376784
BFGS:   51 03:07:30   -20288.891138        3.714810
BFGS:   52 03:07:30   -20289.103812        2.485043
BFGS:   53 03:07:30   -20289.193235        1.519131
BFGS:   54 03:07:30   -20289.242791        1.496805
BFGS:   55 03:07:30   -20289.284046        1.588063
BFGS:   56 03:07:30   -20289.327487        1.665389
BFGS:   57 03:07:30   -20289.377378        1.716780
BFGS:   58 03:07:30   -20289.436116        1.903298
BFGS:   59 03:07:30   -20289.499810        2.081571
BFGS:   60 03:07:30   -20289.559119        2.139708
BFGS:   61 03:07:30   -20289.615430        2.101677
BFGS:   62 03:07:30   -20289.668874        1.990964
BFGS:   63 03:07:30   -20289.719264        1.827538
BFGS:   64 03:07:30   -20289.766433        1.626526
BFGS:   65 03:07:31   -20289.810316        1.398561
BFGS:   66 03:07:31   -20289.850893        1.151839
BFGS:   67 03:07:31   -20289.888167        0.937966
BFGS:   68 03:07:31   -20289.922159        0.846282
BFGS:   69 03:07:31   -20289.952940        0.757965
BFGS:   70 03:07:31   -20289.980645        0.670229
BFGS:   71 03:07:31   -20290.005530        0.585262
BFGS:   72 03:07:31   -20290.027938        0.494903
BFGS:   73 03:07:31   -20290.048400        0.589607
BFGS:   74 03:07:31   -20290.067382        0.709170
BFGS:   75 03:07:31   -20290.085614        0.767272
BFGS:   76 03:07:31   -20290.102301        0.776035
BFGS:   77 03:07:31   -20290.116312        0.708207
BFGS:   78 03:07:31   -20290.130321        0.659552
BFGS:   79 03:07:31   -20290.143363        0.614700
BFGS:   80 03:07:32   -20290.155620        0.597638
BFGS:   81 03:07:32   -20290.167560        0.681189
BFGS:   82 03:07:32   -20290.179777        0.760304
BFGS:   83 03:07:32   -20290.192580        0.819966
BFGS:   84 03:07:32   -20290.205977        0.861465
BFGS:   85 03:07:32   -20290.219854        0.884575
BFGS:   86 03:07:32   -20290.234035        0.890008
BFGS:   87 03:07:32   -20290.248369        0.878124
BFGS:   88 03:07:32   -20290.262727        0.850600
BFGS:   89 03:07:32   -20290.277015        0.810314
BFGS:   90 03:07:32   -20290.291159        0.761683
BFGS:   91 03:07:32   -20290.305113        0.710562
BFGS:   92 03:07:32   -20290.318843        0.664364
BFGS:   93 03:07:32   -20290.332351        0.630572
BFGS:   94 03:07:32   -20290.345659        0.679207
BFGS:   95 03:07:33   -20290.358815        0.730675
BFGS:   96 03:07:33   -20290.371832        0.760672
BFGS:   97 03:07:33   -20290.384676        0.759686
BFGS:   98 03:07:33   -20290.397126        0.728918
BFGS:   99 03:07:33   -20290.408851        0.651125
BFGS:  100 03:07:33   -20290.419178        0.564935
BFGS:  101 03:07:33   -20290.427889        0.472825
BFGS:  102 03:07:33   -20290.434117        0.459426
BFGS:  103 03:07:33   -20290.439669        0.516649
BFGS:  104 03:07:33   -20290.445341        0.627778
BFGS:  105 03:07:33   -20290.452071        0.644191
BFGS:  106 03:07:33   -20290.459294        0.618314
BFGS:  107 03:07:33   -20290.466761        0.546491
BFGS:  108 03:07:33   -20290.473426        0.490686
BFGS:  109 03:07:33   -20290.480009        0.374583
BFGS:  110 03:07:34   -20290.484592        0.378098
BFGS:  111 03:07:34   -20290.489704        0.253333
BFGS:  112 03:07:34   -20290.493171        0.280069
BFGS:  113 03:07:34   -20290.496677        0.303464
BFGS:  114 03:07:34   -20290.499871        0.323288
BFGS:  115 03:07:34   -20290.503190        0.339910
BFGS:  116 03:07:34   -20290.506585        0.351559
BFGS:  117 03:07:34   -20290.510254        0.359743
BFGS:  118 03:07:34   -20290.514093        0.362215
BFGS:  119 03:07:34   -20290.518242        0.361514
BFGS:  120 03:07:34   -20290.522473        0.353944
BFGS:  121 03:07:34   -20290.527055        0.344926
BFGS:  122 03:07:34   -20290.531365        0.325301
BFGS:  123 03:07:34   -20290.536326        0.310976
BFGS:  124 03:07:35   -20290.540147        0.329258
BFGS:  125 03:07:35   -20290.544837        0.302418
BFGS:  126 03:07:35   -20290.548442        0.304522
BFGS:  127 03:07:35   -20290.552320        0.257810
BFGS:  128 03:07:35   -20290.555170        0.232989
BFGS:  129 03:07:35   -20290.557622        0.178261
BFGS:  130 03:07:35   -20290.558639        0.169057
BFGS:  131 03:07:35   -20290.560145        0.153656
BFGS:  132 03:07:35   -20290.561084        0.148312
BFGS:  133 03:07:35   -20290.561771        0.154870
BFGS:  134 03:07:35   -20290.563038        0.157820
BFGS:  135 03:07:35   -20290.566090        0.169654
BFGS:  136 03:07:35   -20290.570080        0.174188
BFGS:  137 03:07:35   -20290.573854        0.156593
BFGS:  138 03:07:36   -20290.577418        0.141142
BFGS:  139 03:07:36   -20290.580622        0.132188
BFGS:  140 03:07:36   -20290.583314        0.175531
BFGS:  141 03:07:36   -20290.585405        0.164972
BFGS:  142 03:07:36   -20290.586752        0.250460
BFGS:  143 03:07:36   -20290.587840        0.144742
BFGS:  144 03:07:36   -20290.588866        0.163324
BFGS:  145 03:07:36   -20290.591881        0.176078
BFGS:  146 03:07:36   -20290.595134        0.179354
BFGS:  147 03:07:36   -20290.598304        0.145789
BFGS:  148 03:07:36   -20290.599873        0.122769
BFGS:  149 03:07:36   -20290.600139        0.110687
BFGS:  150 03:07:36   -20290.600516        0.110025
BFGS:  151 03:07:36   -20290.601050        0.104809
BFGS:  152 03:07:37   -20290.602387        0.131582
BFGS:  153 03:07:37   -20290.604766        0.177584
BFGS:  154 03:07:37   -20290.607036        0.185579
BFGS:  155 03:07:37   -20290.609167        0.174610
BFGS:  156 03:07:37   -20290.611190        0.148131
BFGS:  157 03:07:37   -20290.612962        0.112659
BFGS:  158 03:07:37   -20290.614431        0.084365
BFGS:  159 03:07:37   -20290.615611        0.079270
BFGS:  160 03:07:37   -20290.616576        0.080154
