      Step     Time          Energy          fmax
BFGS:    0 03:00:17   -20282.347723        2.358093
BFGS:    1 03:00:17   -20282.434747        0.950895
BFGS:    2 03:00:17   -20282.466148        0.958389
BFGS:    3 03:00:17   -20282.508191        0.986212
BFGS:    4 03:00:17   -20282.549896        1.029672
BFGS:    5 03:00:17   -20282.594096        1.126369
BFGS:    6 03:00:17   -20282.638709        1.429761
BFGS:    7 03:00:17   -20282.683671        1.734631
BFGS:    8 03:00:18   -20282.729347        2.036497
BFGS:    9 03:00:18   -20282.775703        2.331808
BFGS:   10 03:00:18   -20282.822054        2.618648
BFGS:   11 03:00:18   -20282.867771        2.893764
BFGS:   12 03:00:18   -20282.910878        3.210579
BFGS:   13 03:00:18   -20282.967343        3.189571
BFGS:   14 03:00:18   -20283.021760        3.286166
BFGS:   15 03:00:18   -20283.080028        3.410908
BFGS:   16 03:00:18   -20283.145339        3.502130
BFGS:   17 03:00:18   -20283.218230        3.581068
BFGS:   18 03:00:19   -20283.299233        3.660933
BFGS:   19 03:00:19   -20283.388742        3.747234
BFGS:   20 03:00:19   -20283.486917        3.840502
BFGS:   21 03:00:19   -20283.593860        3.941927
BFGS:   22 03:00:19   -20283.709055        4.046422
BFGS:   23 03:00:19   -20283.831488        4.150237
BFGS:   24 03:00:19   -20283.960553        4.253494
BFGS:   25 03:00:19   -20284.094162        4.352670
BFGS:   26 03:00:19   -20284.228696        4.451536
BFGS:   27 03:00:19   -20284.355300        4.535081
BFGS:   28 03:00:20   -20284.463692        4.581578
BFGS:   29 03:00:20   -20284.549901        4.579679
BFGS:   30 03:00:20   -20284.622435        4.525933
BFGS:   31 03:00:20   -20284.696144        4.428607
BFGS:   32 03:00:20   -20284.779721        4.283990
BFGS:   33 03:00:20   -20284.877527        4.075720
BFGS:   34 03:00:20   -20284.992382        3.776214
BFGS:   35 03:00:20   -20285.123792        3.385054
BFGS:   36 03:00:21   -20285.259792        2.924964
BFGS:   37 03:00:21   -20285.388123        2.454385
BFGS:   38 03:00:21   -20285.491433        2.350416
BFGS:   39 03:00:21   -20285.575639        2.243014
BFGS:   40 03:00:21   -20285.646728        2.089064
BFGS:   41 03:00:21   -20285.709006        1.899264
BFGS:   42 03:00:21   -20285.764401        1.681829
BFGS:   43 03:00:21   -20285.814168        1.438114
BFGS:   44 03:00:21   -20285.859082        1.168904
BFGS:   45 03:00:21   -20285.899619        1.013862
BFGS:   46 03:00:22   -20285.936086        0.970397
BFGS:   47 03:00:22   -20285.968816        0.996831
BFGS:   48 03:00:22   -20285.998446        1.099757
BFGS:   49 03:00:22   -20286.026420        1.250543
BFGS:   50 03:00:22   -20286.055278        1.386335
BFGS:   51 03:00:22   -20286.088357        1.400081
BFGS:   52 03:00:22   -20286.120759        1.152549
BFGS:   53 03:00:23   -20286.147112        0.773942
BFGS:   54 03:00:23   -20286.163450        0.526601
BFGS:   55 03:00:23   -20286.173753        0.446165
BFGS:   56 03:00:23   -20286.191505        0.683897
BFGS:   57 03:00:23   -20286.204265        0.830174
BFGS:   58 03:00:23   -20286.215302        0.791835
BFGS:   59 03:00:23   -20286.224507        0.698567
BFGS:   60 03:00:23   -20286.232010        0.639430
BFGS:   61 03:00:23   -20286.237540        0.658164
BFGS:   62 03:00:24   -20286.242277        0.694715
BFGS:   63 03:00:24   -20286.245921        0.687747
BFGS:   64 03:00:24   -20286.251682        0.736114
BFGS:   65 03:00:24   -20286.256227        0.690168
BFGS:   66 03:00:24   -20286.272480        0.587749
BFGS:   67 03:00:24   -20286.288367        0.529493
BFGS:   68 03:00:24   -20286.298796        0.492272
BFGS:   69 03:00:25   -20286.308593        0.522253
BFGS:   70 03:00:25   -20286.317564        0.558578
BFGS:   71 03:00:25   -20286.324725        0.579287
BFGS:   72 03:00:25   -20286.330864        0.593953
BFGS:   73 03:00:25   -20286.336913        0.610199
BFGS:   74 03:00:25   -20286.343249        0.616378
BFGS:   75 03:00:25   -20286.350518        0.662056
BFGS:   76 03:00:25   -20286.354850        0.572809
BFGS:   77 03:00:26   -20286.364533        0.708853
BFGS:   78 03:00:26   -20286.373676        0.704292
BFGS:   79 03:00:26   -20286.391772        0.709453
BFGS:   80 03:00:26   -20286.403872        0.585048
BFGS:   81 03:00:26   -20286.416296        0.446008
BFGS:   82 03:00:26   -20286.424883        0.437386
BFGS:   83 03:00:26   -20286.435497        0.463801
BFGS:   84 03:00:27   -20286.446117        0.477142
BFGS:   85 03:00:27   -20286.459042        0.529418
BFGS:   86 03:00:27   -20286.469780        0.400376
BFGS:   87 03:00:27   -20286.495516        0.316371
BFGS:   88 03:00:27   -20286.521034        0.453543
BFGS:   89 03:00:27   -20286.543159        0.505492
BFGS:   90 03:00:27   -20286.554900        0.465117
BFGS:   91 03:00:27   -20286.560905        0.396503
BFGS:   92 03:00:28   -20286.566795        0.311483
BFGS:   93 03:00:28   -20286.583961        0.263004
BFGS:   94 03:00:28   -20286.592520        0.247927
BFGS:   95 03:00:28   -20286.606566        0.293261
BFGS:   96 03:00:28   -20286.620295        0.243212
BFGS:   97 03:00:28   -20286.633709        0.252326
BFGS:   98 03:00:28   -20286.642977        0.155300
BFGS:   99 03:00:28   -20286.649141        0.138581
BFGS:  100 03:00:29   -20286.654849        0.122339
BFGS:  101 03:00:29   -20286.659467        0.075424
BFGS:  102 03:00:29   -20286.663919        0.078837
BFGS:  103 03:00:29   -20286.666687        0.106827
BFGS:  104 03:00:29   -20286.671006        0.111383
BFGS:  105 03:00:29   -20286.678245        0.157930
BFGS:  106 03:00:29   -20286.682983        0.174972
BFGS:  107 03:00:29   -20286.687587        0.205098
BFGS:  108 03:00:30   -20286.690339        0.226226
BFGS:  109 03:00:30   -20286.692628        0.250473
BFGS:  110 03:00:30   -20286.694588        0.264338
BFGS:  111 03:00:30   -20286.696468        0.274834
BFGS:  112 03:00:30   -20286.698134        0.274508
BFGS:  113 03:00:30   -20286.699847        0.281275
BFGS:  114 03:00:30   -20286.701209        0.270928
BFGS:  115 03:00:30   -20286.702655        0.268832
BFGS:  116 03:00:30   -20286.704005        0.257821
BFGS:  117 03:00:31   -20286.705383        0.247175
BFGS:  118 03:00:31   -20286.706701        0.230416
BFGS:  119 03:00:31   -20286.708075        0.211405
BFGS:  120 03:00:31   -20286.709414        0.186906
BFGS:  121 03:00:31   -20286.710867        0.168698
BFGS:  122 03:00:31   -20286.712238        0.161320
BFGS:  123 03:00:31   -20286.714004        0.173410
BFGS:  124 03:00:31   -20286.715297        0.164848
BFGS:  125 03:00:31   -20286.717554        0.143870
BFGS:  126 03:00:32   -20286.719142        0.132234
BFGS:  127 03:00:32   -20286.722374        0.143612
BFGS:  128 03:00:32   -20286.724536        0.127100
BFGS:  129 03:00:32   -20286.729671        0.166558
BFGS:  130 03:00:32   -20286.734124        0.181651
BFGS:  131 03:00:32   -20286.738152        0.227566
BFGS:  132 03:00:32   -20286.740300        0.245945
BFGS:  133 03:00:32   -20286.742050        0.261481
BFGS:  134 03:00:32   -20286.743507        0.267702
BFGS:  135 03:00:32   -20286.744788        0.264607
BFGS:  136 03:00:32   -20286.745967        0.251894
BFGS:  137 03:00:33   -20286.747092        0.229997
BFGS:  138 03:00:33   -20286.748230        0.213056
BFGS:  139 03:00:33   -20286.749446        0.206841
BFGS:  140 03:00:33   -20286.750811        0.194994
BFGS:  141 03:00:33   -20286.752434        0.209070
BFGS:  142 03:00:33   -20286.754484        0.248011
BFGS:  143 03:00:33   -20286.757275        0.288973
BFGS:  144 03:00:33   -20286.761043        0.370714
BFGS:  145 03:00:33   -20286.764879        0.486775
BFGS:  146 03:00:33   -20286.767881        0.556518
BFGS:  147 03:00:34   -20286.769992        0.565814
BFGS:  148 03:00:34   -20286.772039        0.485355
BFGS:  149 03:00:34   -20286.774248        0.379337
BFGS:  150 03:00:34   -20286.776658        0.195428
BFGS:  151 03:00:34   -20286.778335        0.193321
BFGS:  152 03:00:34   -20286.780125        0.168837
BFGS:  153 03:00:34   -20286.781826        0.164759
BFGS:  154 03:00:34   -20286.783711        0.130475
BFGS:  155 03:00:34   -20286.785041        0.133163
BFGS:  156 03:00:34   -20286.786618        0.109343
BFGS:  157 03:00:35   -20286.787830        0.103917
BFGS:  158 03:00:35   -20286.789134        0.088552
BFGS:  159 03:00:35   -20286.790159        0.083958
BFGS:  160 03:00:35   -20286.791297        0.072096
