      Step     Time          Energy          fmax
BFGS:    0 21:44:27   -12174.794570        6.874864
BFGS:    1 21:44:29   -12175.134620        6.693428
BFGS:    2 21:44:30   -12175.359945        5.848112
BFGS:    3 21:44:32   -12175.650059        5.608875
BFGS:    4 21:44:33   -12176.004676        5.023751
BFGS:    5 21:44:35   -12176.505133        4.516769
BFGS:    6 21:44:36   -12177.032091        5.318826
BFGS:    7 21:44:37   -12177.427126        4.151748
BFGS:    8 21:44:39   -12177.487205        2.791734
BFGS:    9 21:44:40   -12177.596501        2.391165
BFGS:   10 21:44:42   -12177.656024        2.205317
BFGS:   11 21:44:43   -12177.677330        1.732034
BFGS:   12 21:44:45   -12177.703919        1.641893
BFGS:   13 21:44:46   -12177.733126        1.610912
BFGS:   14 21:44:48   -12177.761628        1.790579
BFGS:   15 21:44:49   -12177.788746        1.897309
BFGS:   16 21:44:50   -12177.813872        1.826644
BFGS:   17 21:44:52   -12177.836413        2.173500
BFGS:   18 21:44:53   -12177.856002        2.992664
BFGS:   19 21:44:54   -12177.874000        3.267471
BFGS:   20 21:44:56   -12177.890637        3.077497
BFGS:   21 21:44:57   -12177.898449        3.011360
BFGS:   22 21:44:59   -12177.901854        2.368545
BFGS:   23 21:45:00   -12177.910218        1.677079
BFGS:   24 21:45:01   -12177.917749        1.051374
BFGS:   25 21:45:03   -12177.925832        1.059393
BFGS:   26 21:45:04   -12177.937261        1.026347
BFGS:   27 21:45:05   -12177.950560        0.688699
BFGS:   28 21:45:07   -12177.959969        0.810215
BFGS:   29 21:45:08   -12177.974552        1.245417
BFGS:   30 21:45:10   -12177.990854        1.535515
BFGS:   31 21:45:11   -12178.002730        1.569352
BFGS:   32 21:45:12   -12178.011116        0.999713
BFGS:   33 21:45:14   -12178.010543        0.829751
BFGS:   34 21:45:15   -12178.010099        0.842409
BFGS:   35 21:45:16   -12178.007738        0.656673
BFGS:   36 21:45:18   -12178.007695        0.477599
BFGS:   37 21:45:19   -12178.007291        0.500521
BFGS:   38 21:45:21   -12178.006534        0.665930
BFGS:   39 21:45:22   -12178.003072        0.516584
BFGS:   40 21:45:23   -12177.999966        0.429323
BFGS:   41 21:45:25   -12177.997193        0.339924
BFGS:   42 21:45:26   -12177.994833        0.360012
BFGS:   43 21:45:27   -12177.991501        0.335260
BFGS:   44 21:45:29   -12177.989218        0.320402
BFGS:   45 21:45:30   -12177.986573        0.373712
BFGS:   46 21:45:31   -12177.984218        0.315011
BFGS:   47 21:45:33   -12177.978839        0.400564
BFGS:   48 21:45:34   -12177.973559        0.419706
BFGS:   49 21:45:35   -12177.966369        0.306904
BFGS:   50 21:45:37   -12177.963886        0.307522
BFGS:   51 21:45:38   -12177.956411        0.510377
BFGS:   52 21:45:39   -12177.959977        0.391305
BFGS:   53 21:45:41   -12177.960385        0.317126
BFGS:   54 21:45:42   -12177.961799        0.270604
BFGS:   55 21:45:43   -12177.962712        0.275304
BFGS:   56 21:45:45   -12177.964455        0.371577
BFGS:   57 21:45:46   -12177.966646        0.299125
BFGS:   58 21:45:47   -12177.967262        0.443443
BFGS:   59 21:45:48   -12177.970016        0.338887
BFGS:   60 21:45:50   -12177.971855        0.508336
BFGS:   61 21:45:51   -12177.976642        0.519562
BFGS:   62 21:45:53   -12177.982082        0.677337
BFGS:   63 21:45:54   -12177.993627        0.717532
BFGS:   64 21:45:55   -12177.998888        0.742541
BFGS:   65 21:45:57   -12178.003089        0.694537
BFGS:   66 21:45:58   -12178.013524        0.536373
BFGS:   67 21:45:59   -12178.028652        0.917370
BFGS:   68 21:46:01   -12178.046456        0.865226
BFGS:   69 21:46:02   -12178.058579        0.762698
BFGS:   70 21:46:03   -12178.072917        1.051375
BFGS:   71 21:46:05   -12178.088506        1.446266
BFGS:   72 21:46:06   -12178.115524        1.538931
BFGS:   73 21:46:08   -12178.140526        1.609922
BFGS:   74 21:46:10   -12178.170527        1.469863
BFGS:   75 21:46:11   -12178.196431        1.996403
BFGS:   76 21:46:13   -12178.231781        1.467418
BFGS:   77 21:46:14   -12178.276725        2.849235
BFGS:   78 21:46:16   -12178.284827        1.145969
BFGS:   79 21:46:18   -12178.320957        1.475787
BFGS:   80 21:46:19   -12178.351903        1.585753
BFGS:   81 21:46:21   -12178.387242        1.990456
BFGS:   82 21:46:23   -12178.418295        1.944341
BFGS:   83 21:46:24   -12178.453809        1.682270
BFGS:   84 21:46:26   -12178.491616        1.355282
BFGS:   85 21:46:27   -12178.542729        1.261353
BFGS:   86 21:46:29   -12178.607944        1.058931
BFGS:   87 21:46:30   -12178.705562        1.176354
BFGS:   88 21:46:32   -12178.829321        1.342532
BFGS:   89 21:46:33   -12178.974049        1.646657
BFGS:   90 21:46:34   -12179.093927        1.809027
BFGS:   91 21:46:36   -12179.258810        1.460476
BFGS:   92 21:46:37   -12179.420669        1.657983
BFGS:   93 21:46:39   -12179.585642        1.538895
BFGS:   94 21:46:40   -12179.728970        1.420599
BFGS:   95 21:46:42   -12179.864700        1.361146
BFGS:   96 21:46:43   -12179.991996        1.391279
BFGS:   97 21:46:45   -12180.105236        1.469874
BFGS:   98 21:46:46   -12180.213492        1.554114
BFGS:   99 21:46:48   -12180.293580        1.783308
BFGS:  100 21:46:49   -12180.379689        1.989019
BFGS:  101 21:46:50   -12180.444288        2.326669
BFGS:  102 21:46:52   -12180.520891        2.616111
BFGS:  103 21:46:53   -12180.637843        2.778923
BFGS:  104 21:46:55   -12180.754502        2.762109
BFGS:  105 21:46:56   -12180.917669        2.129285
BFGS:  106 21:46:58   -12181.022296        1.549662
BFGS:  107 21:46:59   -12181.116922        1.233558
BFGS:  108 21:47:00   -12181.189999        1.317282
BFGS:  109 21:47:02   -12181.300614        1.123619
BFGS:  110 21:47:03   -12181.404273        0.973829
BFGS:  111 21:47:05   -12181.492366        0.894491
BFGS:  112 21:47:06   -12181.581336        0.832747
BFGS:  113 21:47:08   -12181.663173        0.896826
BFGS:  114 21:47:09   -12181.749553        0.985843
BFGS:  115 21:47:11   -12181.826935        1.002436
BFGS:  116 21:47:12   -12181.907383        1.088466
BFGS:  117 21:47:14   -12181.978800        1.181385
BFGS:  118 21:47:15   -12182.046429        1.216614
BFGS:  119 21:47:16   -12182.106731        1.216055
BFGS:  120 21:47:18   -12182.158920        1.180819
BFGS:  121 21:47:19   -12182.205024        1.178749
BFGS:  122 21:47:20   -12182.243395        1.288516
BFGS:  123 21:47:22   -12182.278976        1.246223
BFGS:  124 21:47:23   -12182.308222        1.322603
BFGS:  125 21:47:25   -12182.340299        1.360722
BFGS:  126 21:47:26   -12182.368391        1.343967
BFGS:  127 21:47:28   -12182.396545        1.333313
BFGS:  128 21:47:29   -12182.422026        1.484794
BFGS:  129 21:47:31   -12182.427179        1.464495
BFGS:  130 21:47:32   -12182.433882        1.222706
BFGS:  131 21:47:33   -12182.406894        1.008469
BFGS:  132 21:47:34   -12182.381573        1.069529
BFGS:  133 21:47:35   -12182.330891        0.873773
BFGS:  134 21:47:37   -12182.331850        1.131789
BFGS:  135 21:47:38   -12182.271562        1.331176
BFGS:  136 21:47:39   -12182.118802        1.463423
BFGS:  137 21:47:40   -12181.911997        1.332520
BFGS:  138 21:47:41   -12181.650536        1.625602
BFGS:  139 21:47:42   -12181.325437        2.070008
BFGS:  140 21:47:44   -12180.875771        2.721392
BFGS:  141 21:47:45   -12180.280303        3.940212
BFGS:  142 21:47:46   -12179.489272        6.079048
BFGS:  143 21:47:47   -12178.454391        9.059962
BFGS:  144 21:47:49   -12177.128326       13.015249
BFGS:  145 21:47:50   -12174.836821       21.196285
BFGS:  146 21:47:51   -12171.472917       32.651616
BFGS:  147 21:47:52   -12166.712418       48.585537
BFGS:  148 21:47:54   -12160.385896       69.286453
BFGS:  149 21:47:55   -12152.265156      109.916954
BFGS:  150 21:47:56   -12141.521228      116.197016
BFGS:  151 21:47:58   -12136.261058      115.206952
BFGS:  152 21:47:59   -12132.381488      100.724082
BFGS:  153 21:48:00   -12131.485496      103.639746
BFGS:  154 21:48:02   -12130.998505      107.695411
BFGS:  155 21:48:03   -12131.494927      109.562836
BFGS:  156 21:48:04   -12132.708400      110.352544
BFGS:  157 21:48:06   -12134.287285      112.244380
BFGS:  158 21:48:07   -12136.228270      101.699401
BFGS:  159 21:48:08   -12138.254838      101.939800
BFGS:  160 21:48:10   -12141.320600      120.481423
BFGS:  161 21:48:12   -12146.082618      130.504760
BFGS:  162 21:48:13   -12151.461527      109.356951
BFGS:  163 21:48:15   -12154.692611       86.350033
BFGS:  164 21:48:16   -12156.839640       71.258687
BFGS:  165 21:48:17   -12158.619790       61.425995
BFGS:  166 21:48:19   -12160.297099       52.389475
BFGS:  167 21:48:20   -12161.656402       45.668559
BFGS:  168 21:48:21   -12162.917816       39.624723
BFGS:  169 21:48:23   -12163.941998       34.922631
BFGS:  170 21:48:24   -12164.878855       30.712288
BFGS:  171 21:48:25   -12165.669082       27.196647
BFGS:  172 21:48:27   -12166.405233       23.919293
BFGS:  173 21:48:28   -12167.130898       20.609637
BFGS:  174 21:48:30   -12167.836153       17.451011
BFGS:  175 21:48:31   -12168.471459       14.826628
BFGS:  176 21:48:33   -12169.077063       12.656553
BFGS:  177 21:48:34   -12169.642504       10.927219
BFGS:  178 21:48:36   -12170.188118        9.568179
BFGS:  179 21:48:37   -12170.706700        8.480635
BFGS:  180 21:48:39   -12171.207446        7.577327
BFGS:  181 21:48:40   -12171.682090        6.771385
BFGS:  182 21:48:42   -12172.136193        6.090800
BFGS:  183 21:48:43   -12172.566718        5.505698
BFGS:  184 21:48:45   -12172.976533        4.945182
BFGS:  185 21:48:46   -12173.344180        4.319837
BFGS:  186 21:48:47   -12173.641789        3.645267
BFGS:  187 21:48:49   -12173.874680        3.123128
BFGS:  188 21:48:50   -12174.050237        2.818019
BFGS:  189 21:48:52   -12174.194981        2.882018
BFGS:  190 21:48:54   -12174.318859        3.026362
BFGS:  191 21:48:55   -12174.441087        3.313583
BFGS:  192 21:48:57   -12174.562119        3.583248
BFGS:  193 21:48:58   -12174.691246        3.891399
BFGS:  194 21:48:59   -12174.834174        4.182043
BFGS:  195 21:49:01   -12174.993264        4.475873
BFGS:  196 21:49:02   -12175.167979        4.714429
BFGS:  197 21:49:04   -12175.354344        4.888548
BFGS:  198 21:49:05   -12175.546467        4.958539
BFGS:  199 21:49:06   -12175.738603        4.889303
BFGS:  200 21:49:08   -12175.922039        4.625874
BFGS:  201 21:49:09   -12176.085551        4.150342
BFGS:  202 21:49:11   -12176.222013        3.454076
BFGS:  203 21:49:12   -12176.328323        2.698388
BFGS:  204 21:49:13   -12176.404350        2.145228
BFGS:  205 21:49:15   -12176.462045        1.987288
BFGS:  206 21:49:16   -12176.500630        2.077493
BFGS:  207 21:49:17   -12176.526354        2.117177
BFGS:  208 21:49:19   -12176.536503        2.156921
BFGS:  209 21:49:20   -12176.530696        2.189880
BFGS:  210 21:49:22   -12176.506982        2.221174
BFGS:  211 21:49:24   -12176.464890        2.259333
BFGS:  212 21:49:25   -12176.401104        2.296187
BFGS:  213 21:49:27   -12176.312840        2.331178
BFGS:  214 21:49:28   -12176.196907        2.364345
BFGS:  215 21:49:30   -12176.049852        2.397051
BFGS:  216 21:49:31   -12175.867428        2.502655
BFGS:  217 21:49:33   -12175.647119        2.965117
BFGS:  218 21:49:34   -12175.389759        3.408935
BFGS:  219 21:49:35   -12175.100088        3.809865
BFGS:  220 21:49:37   -12174.784719        4.154793
BFGS:  221 21:49:39   -12174.450909        4.444164
BFGS:  222 21:49:40   -12174.104139        4.683530
BFGS:  223 21:49:42   -12173.748024        4.867544
BFGS:  224 21:49:43   -12173.384092        4.991244
BFGS:  225 21:49:45   -12173.012969        5.063220
BFGS:  226 21:49:46   -12172.636500        5.091768
BFGS:  227 21:49:48   -12172.258079        5.077978
BFGS:  228 21:49:49   -12171.880684        5.019693
BFGS:  229 21:49:50   -12171.506157        4.942261
BFGS:  230 21:49:52   -12171.141213        4.865489
BFGS:  231 21:49:54   -12170.790736        4.804873
BFGS:  232 21:49:55   -12170.454399        4.771835
BFGS:  233 21:49:57   -12170.149693        4.762562
BFGS:  234 21:49:58   -12169.910674        4.766154
BFGS:  235 21:49:59   -12169.750537        4.769614
BFGS:  236 21:50:01   -12169.688317        4.762221
BFGS:  237 21:50:02   -12169.716914        4.747787
BFGS:  238 21:50:04   -12169.826573        4.710531
BFGS:  239 21:50:05   -12170.007966        4.649547
BFGS:  240 21:50:06   -12170.256047        4.554005
BFGS:  241 21:50:08   -12170.564765        4.509509
BFGS:  242 21:50:09   -12170.925349        4.638066
BFGS:  243 21:50:11   -12171.327065        4.738597
BFGS:  244 21:50:12   -12171.737393        4.795314
BFGS:  245 21:50:13   -12172.145649        4.796320
BFGS:  246 21:50:15   -12172.539986        4.754607
BFGS:  247 21:50:17   -12172.923269        4.688470
BFGS:  248 21:50:18   -12173.314448        4.613538
BFGS:  249 21:50:20   -12173.714223        4.707572
BFGS:  250 21:50:21   -12174.108348        4.917287
BFGS:  251 21:50:23   -12174.482329        5.105333
BFGS:  252 21:50:25   -12174.818918        5.246635
BFGS:  253 21:50:26   -12175.103596        5.325817
BFGS:  254 21:50:27   -12175.298430        5.375494
BFGS:  255 21:50:29   -12175.401454        5.425552
BFGS:  256 21:50:30   -12175.362608        5.520294
BFGS:  257 21:50:32   -12175.163204        5.722877
BFGS:  258 21:50:33   -12174.785254        6.307545
BFGS:  259 21:50:34   -12174.213828        7.712190
BFGS:  260 21:50:36   -12173.429252       10.408300
BFGS:  261 21:50:37   -12172.404190       13.783380
BFGS:  262 21:50:39   -12171.163912       17.625979
BFGS:  263 21:50:40   -12169.878409       21.232325
BFGS:  264 21:50:42   -12168.783079       23.951098
BFGS:  265 21:50:43   -12167.706391       26.137654
BFGS:  266 21:50:45   -12167.083304       27.081677
BFGS:  267 21:50:47   -12166.569742       27.551270
BFGS:  268 21:50:48   -12166.723713       26.195961
BFGS:  269 21:50:50   -12167.628677       23.470658
BFGS:  270 21:50:52   -12167.486575       23.482155
BFGS:  271 21:50:54   -12167.425815       23.272898
BFGS:  272 21:50:55   -12167.409199       22.948036
BFGS:  273 21:50:57   -12167.347294       22.841786
BFGS:  274 21:50:59   -12167.475536       21.981122
BFGS:  275 21:51:01   -12167.512951       21.673706
BFGS:  276 21:51:02   -12167.892965       19.736413
BFGS:  277 21:51:04   -12168.210809       18.579905
BFGS:  278 21:51:05   -12168.681766       16.717380
BFGS:  279 21:51:07   -12169.171033       15.253742
BFGS:  280 21:51:08   -12169.686577       13.793734
BFGS:  281 21:51:10   -12170.218157       13.069672
BFGS:  282 21:51:11   -12170.763146       12.924357
BFGS:  283 21:51:13   -12171.262112       12.802672
BFGS:  284 21:51:14   -12171.671443       12.668573
BFGS:  285 21:51:16   -12172.033532       12.466039
BFGS:  286 21:51:18   -12172.391490       12.070409
BFGS:  287 21:51:19   -12172.771845       11.401798
BFGS:  288 21:51:21   -12173.166093       10.500599
BFGS:  289 21:51:23   -12173.530371        9.552622
BFGS:  290 21:51:25   -12173.847210        8.643429
BFGS:  291 21:51:26   -12174.117218        7.820216
BFGS:  292 21:51:27   -12174.357911        7.071040
BFGS:  293 21:51:29   -12174.578714        6.406779
BFGS:  294 21:51:30   -12174.793411        5.784374
BFGS:  295 21:51:32   -12175.003081        5.369941
BFGS:  296 21:51:33   -12175.217384        5.000464
BFGS:  297 21:51:34   -12175.432030        4.755571
BFGS:  298 21:51:36   -12175.650592        4.473449
BFGS:  299 21:51:37   -12175.861163        4.110985
BFGS:  300 21:51:39   -12176.060405        3.836198
