      Step     Time          Energy          fmax
BFGS:    0 02:58:58     -282.956471        0.113755
BFGS:    1 02:58:59     -282.956799        0.077649
BFGS:    2 02:59:00     -282.957216        0.049458
BFGS:    3 02:59:00     -282.957364        0.048739
BFGS:    4 02:59:01     -282.957737        0.065197
BFGS:    5 02:59:02     -282.958106        0.078603
BFGS:    6 02:59:02     -282.958666        0.072659
BFGS:    7 02:59:03     -282.959354        0.084317
BFGS:    8 02:59:03     -282.960349        0.169043
BFGS:    9 02:59:04     -282.961855        0.223578
BFGS:   10 02:59:05     -282.964637        0.161343
BFGS:   11 02:59:05     -282.967048        0.191612
BFGS:   12 02:59:06     -282.970419        0.282250
BFGS:   13 02:59:07     -282.973525        0.245626
BFGS:   14 02:59:08     -282.976949        0.166644
BFGS:   15 02:59:08     -282.979867        0.157203
BFGS:   16 02:59:09     -282.981186        0.107624
BFGS:   17 02:59:10     -282.984413        0.127990
BFGS:   18 02:59:10     -282.985660        0.117285
BFGS:   19 02:59:11     -282.986949        0.080495
BFGS:   20 02:59:12     -282.988226        0.061533
BFGS:   21 02:59:12     -282.988802        0.066186
BFGS:   22 02:59:13     -282.990120        0.074547
BFGS:   23 02:59:14     -282.991219        0.080457
BFGS:   24 02:59:14     -282.992619        0.070970
BFGS:   25 02:59:15     -282.993674        0.071722
BFGS:   26 02:59:16     -282.994429        0.059985
BFGS:   27 02:59:16     -282.994992        0.054413
BFGS:   28 02:59:17     -282.995593        0.054333
BFGS:   29 02:59:18     -282.996278        0.063122
BFGS:   30 02:59:18     -282.997037        0.068590
BFGS:   31 02:59:19     -282.997839        0.065109
BFGS:   32 02:59:19     -282.998741        0.067303
BFGS:   33 02:59:20     -282.999800        0.083475
BFGS:   34 02:59:21     -283.000955        0.086395
BFGS:   35 02:59:22     -283.002061        0.076674
BFGS:   36 02:59:22     -283.003114        0.067864
BFGS:   37 02:59:23     -283.004250        0.073943
BFGS:   38 02:59:24     -283.005544        0.082476
BFGS:   39 02:59:25     -283.006924        0.110462
BFGS:   40 02:59:26     -283.008313        0.113693
BFGS:   41 02:59:26     -283.009772        0.107765
BFGS:   42 02:59:27     -283.011418        0.110197
BFGS:   43 02:59:28     -283.013193        0.112613
BFGS:   44 02:59:29     -283.014791        0.084431
BFGS:   45 02:59:30     -283.016037        0.072650
BFGS:   46 02:59:31     -283.017060        0.086615
BFGS:   47 02:59:31     -283.017988        0.088435
BFGS:   48 02:59:32     -283.018955        0.094035
BFGS:   49 02:59:33     -283.019895        0.064635
BFGS:   50 02:59:33     -283.021049        0.072040
BFGS:   51 02:59:34     -283.021904        0.094614
BFGS:   52 02:59:35     -283.023379        0.126177
BFGS:   53 02:59:35     -283.024571        0.072244
BFGS:   54 02:59:36     -283.025423        0.054470
BFGS:   55 02:59:37     -283.025963        0.049141
BFGS:   56 02:59:38     -283.026417        0.053001
BFGS:   57 02:59:38     -283.026840        0.048003
BFGS:   58 02:59:39     -283.027214        0.045405
BFGS:   59 02:59:40     -283.027584        0.046499
BFGS:   60 02:59:40     -283.027960        0.044251
BFGS:   61 02:59:41     -283.028305        0.046660
BFGS:   62 02:59:42     -283.028608        0.035527
BFGS:   63 02:59:42     -283.028917        0.041335
BFGS:   64 02:59:43     -283.029257        0.049404
BFGS:   65 02:59:44     -283.029575        0.041156
BFGS:   66 02:59:45     -283.029790        0.025972
BFGS:   67 02:59:46     -283.029922        0.023630
BFGS:   68 02:59:46     -283.030043        0.023590
BFGS:   69 02:59:47     -283.030200        0.030364
BFGS:   70 02:59:48     -283.030371        0.032373
BFGS:   71 02:59:49     -283.030508        0.023013
BFGS:   72 02:59:50     -283.030609        0.022516
BFGS:   73 02:59:50     -283.030714        0.026629
BFGS:   74 02:59:51     -283.030850        0.032230
BFGS:   75 02:59:52     -283.030990        0.028778
BFGS:   76 02:59:52     -283.031090        0.018217
BFGS:   77 02:59:53     -283.031153        0.018921
BFGS:   78 02:59:54     -283.031216        0.018463
BFGS:   79 02:59:54     -283.031309        0.022074
BFGS:   80 02:59:55     -283.031427        0.029523
BFGS:   81 02:59:56     -283.031529        0.023494
BFGS:   82 02:59:57     -283.031593        0.015214
BFGS:   83 02:59:58     -283.031647        0.017595
BFGS:   84 02:59:58     -283.031727        0.026896
BFGS:   85 02:59:59     -283.031868        0.043290
BFGS:   86 03:00:00     -283.032094        0.051495
BFGS:   87 03:00:01     -283.032411        0.046052
BFGS:   88 03:00:02     -283.032810        0.046229
BFGS:   89 03:00:02     -283.033301        0.059847
BFGS:   90 03:00:03     -283.034047        0.089225
BFGS:   91 03:00:04     -283.035113        0.118494
BFGS:   92 03:00:04     -283.035396        0.137410
BFGS:   93 03:00:05     -283.035688        0.113038
BFGS:   94 03:00:06     -283.037713        0.066453
BFGS:   95 03:00:06     -283.038418        0.049838
BFGS:   96 03:00:07     -283.039655        0.065100
BFGS:   97 03:00:08     -283.040282        0.065586
BFGS:   98 03:00:09     -283.041088        0.055007
BFGS:   99 03:00:09     -283.041504        0.045652
BFGS:  100 03:00:10     -283.041883        0.045868
BFGS:  101 03:00:11     -283.042372        0.044862
BFGS:  102 03:00:11     -283.043021        0.057666
BFGS:  103 03:00:12     -283.043627        0.054301
BFGS:  104 03:00:13     -283.044078        0.043812
BFGS:  105 03:00:13     -283.044491        0.041970
BFGS:  106 03:00:14     -283.045055        0.047029
BFGS:  107 03:00:15     -283.045768        0.060444
BFGS:  108 03:00:16     -283.046362        0.063393
BFGS:  109 03:00:16     -283.046731        0.039817
BFGS:  110 03:00:17     -283.047017        0.035228
BFGS:  111 03:00:18     -283.047371        0.036149
BFGS:  112 03:00:19     -283.047865        0.047028
BFGS:  113 03:00:19     -283.048315        0.050027
BFGS:  114 03:00:20     -283.048594        0.034930
BFGS:  115 03:00:21     -283.048836        0.030486
BFGS:  116 03:00:21     -283.049179        0.041640
BFGS:  117 03:00:22     -283.049633        0.048453
BFGS:  118 03:00:23     -283.050079        0.052966
BFGS:  119 03:00:24     -283.050484        0.051684
BFGS:  120 03:00:24     -283.050936        0.050622
BFGS:  121 03:00:25     -283.051589        0.051266
BFGS:  122 03:00:26     -283.052355        0.051329
BFGS:  123 03:00:27     -283.052857        0.041686
BFGS:  124 03:00:27     -283.053084        0.032251
BFGS:  125 03:00:28     -283.053255        0.040376
BFGS:  126 03:00:29     -283.053513        0.050346
BFGS:  127 03:00:30     -283.053892        0.052291
BFGS:  128 03:00:31     -283.054308        0.047374
BFGS:  129 03:00:31     -283.054620        0.051350
BFGS:  130 03:00:32     -283.054900        0.054160
BFGS:  131 03:00:33     -283.055328        0.057817
BFGS:  132 03:00:34     -283.055832        0.061280
BFGS:  133 03:00:34     -283.056258        0.043561
BFGS:  134 03:00:35     -283.056536        0.048956
BFGS:  135 03:00:35     -283.056787        0.048769
BFGS:  136 03:00:36     -283.057187        0.053010
BFGS:  137 03:00:37     -283.057863        0.075574
BFGS:  138 03:00:37     -283.058720        0.077799
BFGS:  139 03:00:38     -283.059464        0.069702
BFGS:  140 03:00:38     -283.060016        0.072582
BFGS:  141 03:00:39     -283.060577        0.062701
BFGS:  142 03:00:40     -283.061285        0.063396
BFGS:  143 03:00:41     -283.061971        0.062322
BFGS:  144 03:00:42     -283.062375        0.037215
BFGS:  145 03:00:42     -283.062578        0.033104
BFGS:  146 03:00:43     -283.062778        0.028830
BFGS:  147 03:00:44     -283.063084        0.040894
BFGS:  148 03:00:44     -283.063467        0.065450
BFGS:  149 03:00:45     -283.063799        0.033194
BFGS:  150 03:00:46     -283.064075        0.040971
BFGS:  151 03:00:46     -283.064358        0.034886
BFGS:  152 03:00:47     -283.064761        0.048374
BFGS:  153 03:00:47     -283.065310        0.073551
BFGS:  154 03:00:48     -283.065955        0.072025
BFGS:  155 03:00:49     -283.066344        0.048545
BFGS:  156 03:00:50     -283.066613        0.035486
BFGS:  157 03:00:50     -283.066892        0.029375
BFGS:  158 03:00:51     -283.067261        0.046462
BFGS:  159 03:00:52     -283.067702        0.049081
BFGS:  160 03:00:52     -283.068055        0.042715
BFGS:  161 03:00:53     -283.068226        0.022498
BFGS:  162 03:00:53     -283.068296        0.018276
BFGS:  163 03:00:54     -283.068367        0.016251
BFGS:  164 03:00:55     -283.068457        0.014899
BFGS:  165 03:00:55     -283.068527        0.012405
BFGS:  166 03:00:56     -283.068568        0.012135
BFGS:  167 03:00:57     -283.068601        0.012002
BFGS:  168 03:00:58     -283.068647        0.016387
BFGS:  169 03:00:58     -283.068716        0.017679
BFGS:  170 03:00:59     -283.068794        0.013535
BFGS:  171 03:01:00     -283.068860        0.015595
BFGS:  172 03:01:00     -283.068908        0.014775
BFGS:  173 03:01:01     -283.068937        0.012792
BFGS:  174 03:01:02     -283.068962        0.010697
BFGS:  175 03:01:02     -283.068990        0.009950
