      Step     Time          Energy          fmax
BFGS:    0 02:41:01     -231.161120        0.024625
BFGS:    1 02:41:01     -231.161136        0.027933
BFGS:    2 02:41:01     -231.161485        0.107358
BFGS:    3 02:41:01     -231.162285        0.225095
BFGS:    4 02:41:02     -231.163381        0.291065
BFGS:    5 02:41:02     -231.164483        0.232640
BFGS:    6 02:41:02     -231.165097        0.074317
BFGS:    7 02:41:02     -231.165158        0.021170
BFGS:    8 02:41:02     -231.165168        0.023754
BFGS:    9 02:41:02     -231.165238        0.060863
BFGS:   10 02:41:03     -231.165357        0.101177
BFGS:   11 02:41:03     -231.165656        0.138393
BFGS:   12 02:41:03     -231.166149        0.105752
BFGS:   13 02:41:03     -231.166548        0.062906
BFGS:   14 02:41:03     -231.166826        0.106932
BFGS:   15 02:41:03     -231.167105        0.225654
BFGS:   16 02:41:04     -231.167777        0.309482
BFGS:   17 02:41:04     -231.169089        0.316781
BFGS:   18 02:41:04     -231.170817        0.228393
BFGS:   19 02:41:04     -231.172012        0.235537
BFGS:   20 02:41:04     -231.172678        0.144219
BFGS:   21 02:41:04     -231.173576        0.172006
BFGS:   22 02:41:04     -231.173975        0.133694
BFGS:   23 02:41:05     -231.174758        0.089151
BFGS:   24 02:41:05     -231.175354        0.046517
BFGS:   25 02:41:05     -231.176041        0.048514
BFGS:   26 02:41:05     -231.176713        0.071720
BFGS:   27 02:41:05     -231.177416        0.109230
BFGS:   28 02:41:06     -231.178154        0.163256
BFGS:   29 02:41:06     -231.178918        0.227463
BFGS:   30 02:41:06     -231.179730        0.277134
BFGS:   31 02:41:06     -231.180636        0.294680
BFGS:   32 02:41:06     -231.181740        0.284110
BFGS:   33 02:41:06     -231.183352        0.246468
BFGS:   34 02:41:07     -231.185340        0.284980
BFGS:   35 02:41:07     -231.186694        0.497818
BFGS:   36 02:41:08     -231.189555        0.239231
BFGS:   37 02:41:08     -231.192234        0.177020
BFGS:   38 02:41:09     -231.197860        0.504251
BFGS:   39 02:41:09     -231.203276        0.543120
BFGS:   40 02:41:10     -231.206728        0.538833
BFGS:   41 02:41:10     -231.210601        0.449916
BFGS:   42 02:41:11     -231.214025        0.403423
BFGS:   43 02:41:11     -231.217574        0.361774
BFGS:   44 02:41:11     -231.221064        0.341289
BFGS:   45 02:41:11     -231.224752        0.306039
BFGS:   46 02:41:12     -231.228098        0.310372
BFGS:   47 02:41:12     -231.232069        0.226195
BFGS:   48 02:41:12     -231.234838        0.291467
BFGS:   49 02:41:13     -231.238232        0.257969
BFGS:   50 02:41:13     -231.241321        0.256340
BFGS:   51 02:41:13     -231.244540        0.227487
BFGS:   52 02:41:13     -231.247617        0.210607
BFGS:   53 02:41:14     -231.250753        0.173344
BFGS:   54 02:41:14     -231.253680        0.159616
BFGS:   55 02:41:14     -231.256750        0.145894
BFGS:   56 02:41:14     -231.259387        0.149359
BFGS:   57 02:41:15     -231.262438        0.152646
BFGS:   58 02:41:15     -231.264994        0.154481
BFGS:   59 02:41:15     -231.267677        0.156033
BFGS:   60 02:41:15     -231.270897        0.177867
BFGS:   61 02:41:15     -231.275151        0.218643
BFGS:   62 02:41:16     -231.280626        0.266846
BFGS:   63 02:41:16     -231.287484        0.314759
BFGS:   64 02:41:16     -231.295765        0.356825
BFGS:   65 02:41:16     -231.305296        0.385703
BFGS:   66 02:41:16     -231.315574        0.393729
BFGS:   67 02:41:17     -231.325792        0.367864
BFGS:   68 02:41:17     -231.335380        0.329445
BFGS:   69 02:41:17     -231.343782        0.266896
BFGS:   70 02:41:17     -231.351044        0.227383
BFGS:   71 02:41:17     -231.357105        0.177355
BFGS:   72 02:41:17     -231.363666        0.262553
BFGS:   73 02:41:18     -231.369293        0.247826
BFGS:   74 02:41:18     -231.376593        0.304605
BFGS:   75 02:41:18     -231.384055        0.356647
BFGS:   76 02:41:18     -231.392167        0.421118
BFGS:   77 02:41:18     -231.400548        0.489462
BFGS:   78 02:41:19     -231.409263        0.559699
BFGS:   79 02:41:19     -231.418243        0.621913
BFGS:   80 02:41:19     -231.427787        0.660502
BFGS:   81 02:41:19     -231.437890        0.644140
BFGS:   82 02:41:19     -231.447082        0.570169
BFGS:   83 02:41:20     -231.458944        0.430372
BFGS:   84 02:41:20     -231.469028        0.353306
BFGS:   85 02:41:20     -231.478101        0.435935
BFGS:   86 02:41:20     -231.485818        0.391099
BFGS:   87 02:41:20     -231.495225        0.519776
BFGS:   88 02:41:21     -231.502293        0.602085
BFGS:   89 02:41:21     -231.509746        0.595890
BFGS:   90 02:41:21     -231.518541        0.500917
BFGS:   91 02:41:21     -231.526959        0.391682
BFGS:   92 02:41:21     -231.536390        0.321216
BFGS:   93 02:41:22     -231.546437        0.292902
BFGS:   94 02:41:22     -231.555213        0.391500
BFGS:   95 02:41:22     -231.562076        0.429128
BFGS:   96 02:41:22     -231.567858        0.554194
BFGS:   97 02:41:22     -231.575506        0.669165
BFGS:   98 02:41:23     -231.584501        0.764810
BFGS:   99 02:41:23     -231.594397        0.850843
BFGS:  100 02:41:23     -231.605149        0.930474
BFGS:  101 02:41:23     -231.617024        1.003618
BFGS:  102 02:41:24     -231.630145        1.068815
BFGS:  103 02:41:24     -231.644934        1.121235
BFGS:  104 02:41:24     -231.662027        1.150820
BFGS:  105 02:41:24     -231.682562        1.143781
BFGS:  106 02:41:24     -231.705356        1.097612
BFGS:  107 02:41:25     -231.730958        1.053710
BFGS:  108 02:41:25     -231.750622        1.003729
BFGS:  109 02:41:25     -231.773113        1.063023
BFGS:  110 02:41:25     -231.794782        1.160967
BFGS:  111 02:41:25     -231.826065        1.184681
BFGS:  112 02:41:26     -231.868152        1.341608
BFGS:  113 02:41:26     -231.925362        1.671947
BFGS:  114 02:41:26     -232.004510        2.015990
BFGS:  115 02:41:26     -232.105016        2.321203
BFGS:  116 02:41:26     -232.226732        2.506047
BFGS:  117 02:41:27     -232.356172        2.566682
BFGS:  118 02:41:27     -232.487162        2.647954
BFGS:  119 02:41:27     -232.620963        2.623090
BFGS:  120 02:41:27     -232.729416        2.530791
BFGS:  121 02:41:27     -232.839569        2.553831
BFGS:  122 02:41:28     -232.939093        2.354483
BFGS:  123 02:41:28     -233.021284        2.306187
BFGS:  124 02:41:28     -233.097385        2.097000
BFGS:  125 02:41:28     -233.160685        2.004406
BFGS:  126 02:41:28     -233.217040        1.818001
BFGS:  127 02:41:29     -233.266677        1.699107
BFGS:  128 02:41:29     -233.312240        1.514072
BFGS:  129 02:41:29     -233.353378        1.404487
BFGS:  130 02:41:29     -233.393208        1.177148
BFGS:  131 02:41:29     -233.429207        1.101875
BFGS:  132 02:41:29     -233.472291        0.737448
BFGS:  133 02:41:30     -233.518002        0.698454
BFGS:  134 02:41:30     -233.577369        0.609674
BFGS:  135 02:41:30     -233.626203        0.592184
BFGS:  136 02:41:30     -233.665670        0.583911
BFGS:  137 02:41:31     -233.698870        0.585109
BFGS:  138 02:41:31     -233.728621        0.568302
BFGS:  139 02:41:31     -233.756396        0.541385
BFGS:  140 02:41:31     -233.783051        0.527753
BFGS:  141 02:41:31     -233.809040        0.512216
BFGS:  142 02:41:31     -233.834748        0.493564
BFGS:  143 02:41:32     -233.860644        0.473256
BFGS:  144 02:41:32     -233.887332        0.568816
BFGS:  145 02:41:32     -233.915501        0.639502
BFGS:  146 02:41:32     -233.945867        0.664123
BFGS:  147 02:41:33     -233.978698        0.624247
BFGS:  148 02:41:33     -234.011721        0.521456
BFGS:  149 02:41:33     -234.044336        0.431494
BFGS:  150 02:41:33     -234.080868        0.452715
BFGS:  151 02:41:34     -234.102999        0.708679
BFGS:  152 02:41:34     -234.144304        0.402102
BFGS:  153 02:41:34     -234.175489        0.479374
BFGS:  154 02:41:34     -234.211180        0.417980
BFGS:  155 02:41:35     -234.227628        0.593712
BFGS:  156 02:41:35     -234.240785        0.298036
BFGS:  157 02:41:35     -234.249455        0.225073
BFGS:  158 02:41:35     -234.263977        0.465042
BFGS:  159 02:41:36     -234.274747        0.243518
BFGS:  160 02:41:36     -234.285573        0.269502
BFGS:  161 02:41:36     -234.296486        0.266648
BFGS:  162 02:41:36     -234.306755        0.282312
BFGS:  163 02:41:37     -234.317321        0.256187
BFGS:  164 02:41:37     -234.327092        0.253858
BFGS:  165 02:41:37     -234.336340        0.195223
BFGS:  166 02:41:37     -234.337619        0.448858
BFGS:  167 02:41:38     -234.342477        0.130525
BFGS:  168 02:41:38     -234.345542        0.109603
BFGS:  169 02:41:38     -234.349001        0.119929
BFGS:  170 02:41:38     -234.351641        0.147430
BFGS:  171 02:41:39     -234.354458        0.178223
BFGS:  172 02:41:39     -234.356355        0.212584
BFGS:  173 02:41:39     -234.358296        0.146877
BFGS:  174 02:41:39     -234.359757        0.100424
BFGS:  175 02:41:40     -234.361056        0.083680
BFGS:  176 02:41:40     -234.362203        0.068549
BFGS:  177 02:41:40     -234.363075        0.064311
BFGS:  178 02:41:40     -234.363703        0.052024
BFGS:  179 02:41:40     -234.364162        0.053730
BFGS:  180 02:41:41     -234.364485        0.038359
BFGS:  181 02:41:41     -234.364736        0.026765
BFGS:  182 02:41:41     -234.364930        0.037761
BFGS:  183 02:41:41     -234.365081        0.031268
BFGS:  184 02:41:42     -234.365206        0.022970
BFGS:  185 02:41:42     -234.365306        0.020354
BFGS:  186 02:41:42     -234.365393        0.018857
